// Jest Snapshot v1, https://goo.gl/fbAQLP

exports[`components/undelete_channel_modal should match snapshot for undelete_channel_modal 1`] = `
<Modal
  animation={true}
  aria-labelledby="undeleteChannelModalLabel"
  autoFocus={true}
  backdrop={true}
  bsClass="modal"
  dialogClassName="a11y__modal"
  dialogComponentClass={[Function]}
  enforceFocus={true}
  id="undeleteChannelModal"
  keyboard={true}
  manager={
    ModalManager {
      "add": [Function],
      "containers": Array [],
      "data": Array [],
      "handleContainerOverflow": true,
      "hideSiblingNodes": true,
      "isTopModal": [Function],
      "modals": Array [],
      "remove": [Function],
    }
  }
  onExited={[Function]}
  onHide={[Function]}
  renderBackdrop={[Function]}
  restoreFocus={true}
  role="dialog"
  show={true}
>
  <ModalHeader
    bsClass="modal-header"
    closeButton={true}
    closeLabel="Close"
  >
    <ModalTitle
      bsClass="modal-title"
      componentClass="h1"
      id="undeleteChannelModalLabel"
    >
      <FormattedMessage
        defaultMessage="Confirm UNARCHIVE Channel"
        id="undelete_channel.confirm"
        values={Object {}}
      />
    </ModalTitle>
  </ModalHeader>
  <ModalBody
    bsClass="modal-body"
    componentClass="div"
  >
    <div
      className="alert alert-danger"
    >
      <InjectIntl(FormattedMarkdownMessage)
        defaultMessage="This will unarchive the channel from the team and make its contents accessible for all users. \\\\n \\\\nAre you sure you wish to unarchive the **{display_name}** channel?"
        id="undelete_channel.question"
        values={
          Object {
            "display_name": "testing",
          }
        }
      />
    </div>
  </ModalBody>
  <ModalFooter
    bsClass="modal-footer"
    componentClass="div"
  >
    <button
      className="btn btn-link"
      onClick={[Function]}
      type="button"
    >
      <FormattedMessage
        defaultMessage="Cancel"
        id="undelete_channel.cancel"
        values={Object {}}
      />
    </button>
    <button
      autoFocus={true}
      className="btn btn-danger"
      data-dismiss="modal"
      id="undeleteChannelModalDeleteButton"
      onClick={[Function]}
      type="button"
    >
      <FormattedMessage
        defaultMessage="Unarchive"
        id="undelete_channel.del"
        values={Object {}}
      />
    </button>
  </ModalFooter>
</Modal>
`;
